[1m[31mE   Failed: DID NOT RAISE RuntimeError[0m
E:\鍚勭PY绋嬪簭\28-缁堟瀬閲忓寲浜ゆ槗绯荤粺8.4\tests\unit\test_transformer_encoder_unit.py:128: Failed: DID NOT RAISE RuntimeError
[31mFAILED[0m tests/unit/test_g7_etf_flow_monitor_boost.py::[1mTestFetchIFindFundFlow::test_no_client_returns_none[0m - AttributeError: 'ETFRealTimeTracker' object has no attribute '_fetch_ifind_...
[31mFAILED[0m tests/unit/test_g7_etf_flow_monitor_boost.py::[1mTestFetchIFindFundFlow::test_client_not_available_returns_none[0m - AttributeError: 'ETFRealTimeTracker' object has no attribute '_fetch_ifind_...
[31mFAILED[0m tests/unit/test_g7_etf_flow_monitor_boost.py::[1mTestFetchIFindFundFlow::test_code_not_in_quotes_returns_none[0m - AttributeError: 'ETFRealTimeTracker' object has no attribute '_fetch_ifind_...
[31mFAILED[0m tests/unit/test_g7_etf_flow_monitor_boost.py::[1mTestFetchIFindFundFlow::test_valid_quote[0m - AttributeError: 'ETFRealTimeTracker' object has no attribute '_fetch_ifind_...
[31mFAILED[0m tests/unit/test_g7_etf_flow_monitor_boost.py::[1mTestFetchIFindFundFlow::test_change_pct_none[0m - AttributeError: 'ETFRealTimeTracker' object has no attribute '_fetch_ifind_...
[31mFAILED[0m tests/unit/test_g7_etf_flow_monitor_boost.py::[1mTestFetchIFindFundFlow::test_exception_returns_none[0m - AttributeError: 'ETFRealTimeTracker' object has no attribute '_fetch_ifind_...
[31mFAILED[0m tests/unit/test_g7_etf_flow_monitor_boost.py::[1mTestGetEtfFundFlow::test_wind_none_ifind_used[0m - AssertionError: assert 'price_momentum' == 'ifind_mcp'
[31mFAILED[0m tests/unit/test_g7_etf_flow_monitor_boost.py::[1mTestInitDataSources::test_ifind_token_missing_silent[0m - AttributeError: 'ETFRealTimeTracker' object has no attribute 'ifind_mcp_ava...
[31mFAILED[0m tests/unit/test_g7_etf_flow_monitor_boost.py::[1mTestInitDataSources::test_ifind_token_present_loads_client[0m - AttributeError: 'ETFRealTimeTracker' object has no attribute 'ifind_mcp_ava...
[31mFAILED[0m tests/unit/test_g7_etf_flow_monitor_boost.py::[1mTestInitDataSources::test_ifind_token_present_but_constructor_raises[0m - AttributeError: 'ETFRealTimeTracker' object has no attribute 'ifind_mcp_ava...
[31mFAILED[0m tests/unit/test_g7_hedge_engine_boost.py::[1mTestHedgeRebalanceIntegrator::test_load_prices[0m - AttributeError: <module 'utils.hedge_rebalance_integrator' from 'E:\\鍚勭PY...
[31mFAILED[0m tests/unit/test_g7_hedge_engine_boost_v2.py::[1mTestHedgeEngineFuturesPrices::test_exec_ifind_no_client[0m - ImportError: cannot import name '_exec_ifind' from 'utils.hedge_engine' (E:...
[31mFAILED[0m tests/unit/test_g7_hedge_engine_boost_v2.py::[1mTestHedgeEngineFuturesPrices::test_exec_ifind_with_mock_client_data[0m - ImportError: cannot import name '_exec_ifind' from 'utils.hedge_engine' (E:...
[31mFAILED[0m tests/unit/test_g7_hedge_engine_boost_v2.py::[1mTestHedgeEngineFuturesPrices::test_exec_ifind_error_response[0m - ImportError: cannot import name '_exec_ifind' from 'utils.hedge_engine' (E:...
[31mFAILED[0m tests/unit/test_g7_hedge_engine_boost_v2.py::[1mTestHedgeEngineFuturesPrices::test_exec_ifind_exception[0m - ImportError: cannot import name '_exec_ifind' from 'utils.hedge_engine' (E:...
[31mFAILED[0m tests/unit/test_g7_hedge_engine_boost_v2.py::[1mTestHedgeEngineFuturesPrices::test_exec_ifind_non_dict_result[0m - ImportError: cannot import name '_exec_ifind' from 'utils.hedge_engine' (E:...
[31mFAILED[0m tests/unit/test_g7_hedge_engine_boost_v2.py::[1mTestHedgeEngineFuturesPrices::test_fetch_futures_prices_from_ifind_unavailable[0m - ImportError: cannot import name 'fetch_futures_prices_from_ifind' from 'uti...
[31mFAILED[0m tests/unit/test_g7_hedge_engine_boost_v2.py::[1mTestHedgeEngineFuturesPrices::test_get_live_futures_prices_all_fallback[0m - AttributeError: <module 'utils.hedge_engine' from 'E:\\鍚勭PY绋嬪簭\\28-缁堟瀬...
[31mFAILED[0m tests/unit/test_g7_hedge_engine_boost_v2.py::[1mTestHedgeEngineFuturesPrices::test_get_live_futures_prices_with_ifind[0m - AttributeError: <module 'utils.hedge_engine' from 'E:\\鍚勭PY绋嬪簭\\28-缁堟瀬...
[31mFAILED[0m tests/unit/test_g7_hedge_engine_boost_v2.py::[1mTestHedgeEngineFuturesPrices::test_get_live_futures_prices_partial_from_wind[0m - AttributeError: <module 'utils.hedge_engine' from 'E:\\鍚勭PY绋嬪簭\\28-缁堟瀬...
[31mFAILED[0m tests/unit/test_g7_hedge_engine_boost_v2.py::[1mTestIntegratorModuleFunctions::test_get_ifind_prices_batch_unavailable[0m - ImportError: cannot import name '_get_ifind_prices_batch' from 'utils.hedge...
[31mFAILED[0m tests/unit/test_g7_hedge_engine_boost_v2.py::[1mTestIntegratorModuleFunctions::test_get_ifind_prices_batch_no_codes[0m - ImportError: cannot import name '_get_ifind_prices_batch' from 'utils.hedge...
[31mFAILED[0m tests/unit/test_g7_hedge_engine_boost_v2.py::[1mTestIntegratorModuleFunctions::test_exec_ifind_no_client[0m - ImportError: cannot import name '_exec_ifind' from 'utils.hedge_rebalance_i...
[31mFAILED[0m tests/unit/test_g7_hedge_engine_boost_v2.py::[1mTestIntegratorModuleFunctions::test_exec_ifind_with_mock[0m - ImportError: cannot import name '_exec_ifind' from 'utils.hedge_rebalance_i...
[31mFAILED[0m tests/unit/test_g7_institutional_optimizer_boost.py::[1mTestCurrentWeights::test_empty_positions[0m - assert array([0.]) is None
[31mFAILED[0m tests/unit/test_g7_limit_pool_provider_boost.py::[1mTestGetAkModule::test_akshare_not_installed[0m - AssertionError: assert <module 'akshare' from 'C:\\Users\\Administrator\\py...
[31mFAILED[0m tests/unit/test_g7_system_check_boost.py::[1mTestSystemCheckerInit::test_critical_env_vars_windows[0m - AssertionError: assert 'IFIND_TOKEN' in ['WIND_API_KEY']
[31mFAILED[0m tests/unit/test_limit_pool_provider_unit.py::[1mTestConstruction::test_default_ttl[0m - AttributeError: 'LimitPoolProvider' object has no attribute '_cache_ttl'
[31mFAILED[0m tests/unit/test_limit_pool_provider_unit.py::[1mTestGetPool::test_returns_empty_when_akshare_unavailable[0m - AttributeError: 'LimitPoolProvider' object has no attribute '_cache_lock'
[31mFAILED[0m tests/unit/test_limit_pool_provider_unit.py::[1mTestGetPool::test_get_limit_up_pool[0m - AttributeError: 'LimitPoolProvider' object has no attribute '_cache_lock'
[31mFAILED[0m tests/unit/test_limit_pool_provider_unit.py::[1mTestGetPool::test_get_limit_down_pool[0m - AttributeError: 'LimitPoolProvider' object has no attribute '_cache_lock'
[31mFAILED[0m tests/unit/test_limit_pool_provider_unit.py::[1mTestGetPool::test_get_broken_pool[0m - AttributeError: 'LimitPoolProvider' object has no attribute '_cache_lock'
[31mFAILED[0m tests/unit/test_limit_pool_provider_unit.py::[1mTestBatch::test_get_pools_batch[0m - AttributeError: 'LimitPoolProvider' object has no attribute '_cache_lock'
[31mFAILED[0m tests/unit/test_limit_pool_provider_unit.py::[1mTestBatch::test_get_pools_batch_with_datetime[0m - AttributeError: 'LimitPoolProvider' object has no attribute '_cache_lock'
[31mFAILED[0m tests/unit/test_limit_pool_provider_unit.py::[1mTestCache::test_clear_cache[0m - AttributeError: 'LimitPoolProvider' object has no attribute '_cache_lock'
[31mFAILED[0m tests/unit/test_limit_pool_provider_unit.py::[1mTestCache::test_cache_info[0m - AttributeError: 'LimitPoolProvider' object has no attribute '_cache_lock'
[31mFAILED[0m tests/unit/test_limit_pool_provider_unit.py::[1mTestConvenienceFunctions::test_get_limit_up_pool_func[0m - AttributeError: 'LimitPoolProvider' object has no attribute '_cache_lock'
[31mFAILED[0m tests/unit/test_limit_pool_provider_unit.py::[1mTestConvenienceFunctions::test_get_limit_down_pool_func[0m - AttributeError: 'LimitPoolProvider' object has no attribute '_cache_lock'
[31mFAILED[0m tests/unit/test_ms_strategy_coverage.py::[1mTestQlibSignalAdapter::test_local_lightgbm_signal[0m - assert None is not None
[31mFAILED[0m tests/unit/test_ms_strategy_coverage.py::[1mTestQlibSignalAdapter::test_generate_signal_fallback[0m - assert None is not None
[31mFAILED[0m tests/unit/test_ms_strategy_coverage.py::[1mTestQlibSignalAdapter::test_local_lightgbm_signal_dataframe_input[0m - assert None is not None
[31mFAILED[0m tests/unit/test_tdx_data_source_unit.py::[1mTestInitConnection::test_graceful_failure[0m - assert True is False
[31mFAILED[0m tests/unit/test_transformer_encoder_unit.py::[1mTestBuildFactorEncoder::test_auto_fallback_numpy[0m - assert False
[31mFAILED[0m tests/unit/test_transformer_encoder_unit.py::[1mTestBuildFactorEncoder::test_force_torch_raises[0m - Failed: DID NOT RAISE RuntimeError
[31m[31m[1m44 failed[0m, [32m13173 passed[0m, [33m67 skipped[0m, [33m1 xpassed[0m[31m in 544.43s (0:09:04)[0m[0m
